Analysis & Synthesis report for ECE2072Project
Wed Oct 07 21:58:09 2026
Quartus Prime Version 18.1.0 Build 625 09/12/2018 SJ Lite Edition


---------------------
; Table of Contents ;
---------------------
  1. Legal Notice
  2. Analysis & Synthesis Summary
  3. Analysis & Synthesis Settings
  4. Parallel Compilation
  5. Analysis & Synthesis Source Files Read
  6. Analysis & Synthesis Resource Usage Summary
  7. Analysis & Synthesis Resource Utilization by Entity
  8. State Machine - |BCD_top_level|Binary_to_BCD:converter|r_SM_Main
  9. Registers Removed During Synthesis
 10. General Register Statistics
 11. Multiplexer Restructuring Statistics (Restructuring Performed)
 12. Parameter Settings for User Entity Instance: Binary_to_BCD:converter
 13. Port Connectivity Checks: "BCD:seg2"
 14. Port Connectivity Checks: "BCD:seg1"
 15. Port Connectivity Checks: "BCD:seg0"
 16. Post-Synthesis Netlist Statistics for Top Partition
 17. Elapsed Time Per Partition
 18. Analysis & Synthesis Messages
 19. Analysis & Synthesis Suppressed Messages



----------------
; Legal Notice ;
----------------
Copyright (C) 2018  Intel Corporation. All rights reserved.
Your use of Intel Corporation's design tools, logic functions 
and other software and tools, and its AMPP partner logic 
functions, and any output files from any of the foregoing 
(including device programming or simulation files), and any 
associated documentation or information are expressly subject 
to the terms and conditions of the Intel Program License 
Subscription Agreement, the Intel Quartus Prime License Agreement,
the Intel FPGA IP License Agreement, or other applicable license
agreement, including, without limitation, that your use is for
the sole purpose of programming logic devices manufactured by
Intel and sold by Intel or its authorized distributors.  Please
refer to the applicable agreement for further details.



+----------------------------------------------------------------------------------+
; Analysis & Synthesis Summary                                                     ;
+------------------------------------+---------------------------------------------+
; Analysis & Synthesis Status        ; Successful - Wed Oct 07 21:58:09 2026       ;
; Quartus Prime Version              ; 18.1.0 Build 625 09/12/2018 SJ Lite Edition ;
; Revision Name                      ; ECE2072Project                              ;
; Top-level Entity Name              ; BCD_top_level                               ;
; Family                             ; MAX 10                                      ;
; Total logic elements               ; 96                                          ;
;     Total combinational functions  ; 94                                          ;
;     Dedicated logic registers      ; 37                                          ;
; Total registers                    ; 37                                          ;
; Total pins                         ; 34                                          ;
; Total virtual pins                 ; 0                                           ;
; Total memory bits                  ; 0                                           ;
; Embedded Multiplier 9-bit elements ; 0                                           ;
; Total PLLs                         ; 0                                           ;
; UFM blocks                         ; 0                                           ;
; ADC blocks                         ; 0                                           ;
+------------------------------------+---------------------------------------------+


+------------------------------------------------------------------------------------------------------------+
; Analysis & Synthesis Settings                                                                              ;
+------------------------------------------------------------------+--------------------+--------------------+
; Option                                                           ; Setting            ; Default Value      ;
+------------------------------------------------------------------+--------------------+--------------------+
; Device                                                           ; 10M50DAF484C7G     ;                    ;
; Top-level entity name                                            ; BCD_top_level      ; ECE2072Project     ;
; Family name                                                      ; MAX 10             ; Cyclone V          ;
; Verilog Show LMF Mapping Messages                                ; Off                ;                    ;
; Verilog Version                                                  ; SystemVerilog_2005 ; Verilog_2001       ;
; Use smart compilation                                            ; Off                ; Off                ;
; Enable parallel Assembler and Timing Analyzer during compilation ; On                 ; On                 ;
; Enable compact report table                                      ; Off                ; Off                ;
; Restructure Multiplexers                                         ; Auto               ; Auto               ;
; Create Debugging Nodes for IP Cores                              ; Off                ; Off                ;
; Preserve fewer node names                                        ; On                 ; On                 ;
; Intel FPGA IP Evaluation Mode                                    ; Enable             ; Enable             ;
; VHDL Version                                                     ; VHDL_1993          ; VHDL_1993          ;
; State Machine Processing                                         ; Auto               ; Auto               ;
; Safe State Machine                                               ; Off                ; Off                ;
; Extract Verilog State Machines                                   ; On                 ; On                 ;
; Extract VHDL State Machines                                      ; On                 ; On                 ;
; Ignore Verilog initial constructs                                ; Off                ; Off                ;
; Iteration limit for constant Verilog loops                       ; 5000               ; 5000               ;
; Iteration limit for non-constant Verilog loops                   ; 250                ; 250                ;
; Add Pass-Through Logic to Inferred RAMs                          ; On                 ; On                 ;
; Infer RAMs from Raw Logic                                        ; On                 ; On                 ;
; Parallel Synthesis                                               ; On                 ; On                 ;
; DSP Block Balancing                                              ; Auto               ; Auto               ;
; NOT Gate Push-Back                                               ; On                 ; On                 ;
; Power-Up Don't Care                                              ; On                 ; On                 ;
; Remove Redundant Logic Cells                                     ; Off                ; Off                ;
; Remove Duplicate Registers                                       ; On                 ; On                 ;
; Ignore CARRY Buffers                                             ; Off                ; Off                ;
; Ignore CASCADE Buffers                                           ; Off                ; Off                ;
; Ignore GLOBAL Buffers                                            ; Off                ; Off                ;
; Ignore ROW GLOBAL Buffers                                        ; Off                ; Off                ;
; Ignore LCELL Buffers                                             ; Off                ; Off                ;
; Ignore SOFT Buffers                                              ; On                 ; On                 ;
; Limit AHDL Integers to 32 Bits                                   ; Off                ; Off                ;
; Optimization Technique                                           ; Balanced           ; Balanced           ;
; Carry Chain Length                                               ; 70                 ; 70                 ;
; Auto Carry Chains                                                ; On                 ; On                 ;
; Auto Open-Drain Pins                                             ; On                 ; On                 ;
; Perform WYSIWYG Primitive Resynthesis                            ; Off                ; Off                ;
; Auto ROM Replacement                                             ; On                 ; On                 ;
; Auto RAM Replacement                                             ; On                 ; On                 ;
; Auto DSP Block Replacement                                       ; On                 ; On                 ;
; Auto Shift Register Replacement                                  ; Auto               ; Auto               ;
; Allow Shift Register Merging across Hierarchies                  ; Auto               ; Auto               ;
; Auto Clock Enable Replacement                                    ; On                 ; On                 ;
; Strict RAM Replacement                                           ; Off                ; Off                ;
; Allow Synchronous Control Signals                                ; On                 ; On                 ;
; Force Use of Synchronous Clear Signals                           ; Off                ; Off                ;
; Auto RAM Block Balancing                                         ; On                 ; On                 ;
; Auto RAM to Logic Cell Conversion                                ; Off                ; Off                ;
; Auto Resource Sharing                                            ; Off                ; Off                ;
; Allow Any RAM Size For Recognition                               ; Off                ; Off                ;
; Allow Any ROM Size For Recognition                               ; Off                ; Off                ;
; Allow Any Shift Register Size For Recognition                    ; Off                ; Off                ;
; Use LogicLock Constraints during Resource Balancing              ; On                 ; On                 ;
; Ignore translate_off and synthesis_off directives                ; Off                ; Off                ;
; Timing-Driven Synthesis                                          ; On                 ; On                 ;
; Report Parameter Settings                                        ; On                 ; On                 ;
; Report Source Assignments                                        ; On                 ; On                 ;
; Report Connectivity Checks                                       ; On                 ; On                 ;
; Ignore Maximum Fan-Out Assignments                               ; Off                ; Off                ;
; Synchronization Register Chain Length                            ; 2                  ; 2                  ;
; Power Optimization During Synthesis                              ; Normal compilation ; Normal compilation ;
; HDL message level                                                ; Level2             ; Level2             ;
; Suppress Register Optimization Related Messages                  ; Off                ; Off                ;
; Number of Removed Registers Reported in Synthesis Report         ; 5000               ; 5000               ;
; Number of Swept Nodes Reported in Synthesis Report               ; 5000               ; 5000               ;
; Number of Inverted Registers Reported in Synthesis Report        ; 100                ; 100                ;
; Clock MUX Protection                                             ; On                 ; On                 ;
; Auto Gated Clock Conversion                                      ; Off                ; Off                ;
; Block Design Naming                                              ; Auto               ; Auto               ;
; SDC constraint protection                                        ; Off                ; Off                ;
; Synthesis Effort                                                 ; Auto               ; Auto               ;
; Shift Register Replacement - Allow Asynchronous Clear Signal     ; On                 ; On                 ;
; Pre-Mapping Resynthesis Optimization                             ; Off                ; Off                ;
; Analysis & Synthesis Message Level                               ; Medium             ; Medium             ;
; Disable Register Merging Across Hierarchies                      ; Auto               ; Auto               ;
; Resource Aware Inference For Block RAM                           ; On                 ; On                 ;
+------------------------------------------------------------------+--------------------+--------------------+


+------------------------------------------+
; Parallel Compilation                     ;
+----------------------------+-------------+
; Processors                 ; Number      ;
+----------------------------+-------------+
; Number detected on machine ; 12          ;
; Maximum allowed            ; 12          ;
;                            ;             ;
; Average used               ; 1.00        ;
; Maximum used               ; 12          ;
;                            ;             ;
; Usage by Processor         ; % Time Used ;
;     Processor 1            ; 100.0%      ;
;     Processors 2-12        ;   0.0%      ;
+----------------------------+-------------+


+--------------------------------------------------------------------------------------------------------------------------------------------------------------+
; Analysis & Synthesis Source Files Read                                                                                                                       ;
+----------------------------------+-----------------+------------------------------+----------------------------------------------------------------+---------+
; File Name with User-Entered Path ; Used in Netlist ; File Type                    ; File Name with Absolute Path                                   ; Library ;
+----------------------------------+-----------------+------------------------------+----------------------------------------------------------------+---------+
; binary_to_BCD.v                  ; yes             ; User Verilog HDL File        ; C:/Users/mvmya/Documents/GitHub/ECE2072Project/binary_to_BCD.v ;         ;
; bcd_top_level.v                  ; yes             ; Auto-Found Verilog HDL File  ; C:/Users/mvmya/Documents/GitHub/ECE2072Project/bcd_top_level.v ;         ;
+----------------------------------+-----------------+------------------------------+----------------------------------------------------------------+---------+


+--------------------------------------------------------------+
; Analysis & Synthesis Resource Usage Summary                  ;
+---------------------------------------------+----------------+
; Resource                                    ; Usage          ;
+---------------------------------------------+----------------+
; Estimated Total logic elements              ; 96             ;
;                                             ;                ;
; Total combinational functions               ; 94             ;
; Logic element usage by number of LUT inputs ;                ;
;     -- 4 input functions                    ; 62             ;
;     -- 3 input functions                    ; 22             ;
;     -- <=2 input functions                  ; 10             ;
;                                             ;                ;
; Logic elements by mode                      ;                ;
;     -- normal mode                          ; 87             ;
;     -- arithmetic mode                      ; 7              ;
;                                             ;                ;
; Total registers                             ; 37             ;
;     -- Dedicated logic registers            ; 37             ;
;     -- I/O registers                        ; 0              ;
;                                             ;                ;
; I/O pins                                    ; 34             ;
;                                             ;                ;
; Embedded Multiplier 9-bit elements          ; 0              ;
;                                             ;                ;
; Maximum fan-out node                        ; CLOCK_50~input ;
; Maximum fan-out                             ; 37             ;
; Total fan-out                               ; 488            ;
; Average fan-out                             ; 2.45           ;
+---------------------------------------------+----------------+


+-----------------------------------------------------------------------------------------------------------------------------------------------------------------------------------------------------------------------------------------------------------+
; Analysis & Synthesis Resource Utilization by Entity                                                                                                                                                                                                       ;
+------------------------------+---------------------+---------------------------+-------------+------------+--------------+---------+-----------+------+--------------+------------+----------------------------------------+---------------+--------------+
; Compilation Hierarchy Node   ; Combinational ALUTs ; Dedicated Logic Registers ; Memory Bits ; UFM Blocks ; DSP Elements ; DSP 9x9 ; DSP 18x18 ; Pins ; Virtual Pins ; ADC blocks ; Full Hierarchy Name                    ; Entity Name   ; Library Name ;
+------------------------------+---------------------+---------------------------+-------------+------------+--------------+---------+-----------+------+--------------+------------+----------------------------------------+---------------+--------------+
; |BCD_top_level               ; 94 (0)              ; 37 (0)                    ; 0           ; 0          ; 0            ; 0       ; 0         ; 34   ; 0            ; 0          ; |BCD_top_level                         ; BCD_top_level ; work         ;
;    |BCD:seg0|                ; 7 (7)               ; 0 (0)                     ; 0           ; 0          ; 0            ; 0       ; 0         ; 0    ; 0            ; 0          ; |BCD_top_level|BCD:seg0                ; BCD           ; work         ;
;    |BCD:seg1|                ; 7 (7)               ; 0 (0)                     ; 0           ; 0          ; 0            ; 0       ; 0         ; 0    ; 0            ; 0          ; |BCD_top_level|BCD:seg1                ; BCD           ; work         ;
;    |BCD:seg2|                ; 7 (7)               ; 0 (0)                     ; 0           ; 0          ; 0            ; 0       ; 0         ; 0    ; 0            ; 0          ; |BCD_top_level|BCD:seg2                ; BCD           ; work         ;
;    |Binary_to_BCD:converter| ; 73 (73)             ; 37 (37)                   ; 0           ; 0          ; 0            ; 0       ; 0         ; 0    ; 0            ; 0          ; |BCD_top_level|Binary_to_BCD:converter ; Binary_to_BCD ; work         ;
+------------------------------+---------------------+---------------------------+-------------+------------+--------------+---------+-----------+------+--------------+------------+----------------------------------------+---------------+--------------+
Note: For table entries with two numbers listed, the numbers in parentheses indicate the number of resources of the given type used by the specific entity alone. The numbers listed outside of parentheses indicate the total resources of the given type used by the specific entity and all of its sub-entities in the hierarchy.


Encoding Type:  One-Hot
+-------------------------------------------------------------------------------------------------------------------------------------------------------------------------------+
; State Machine - |BCD_top_level|Binary_to_BCD:converter|r_SM_Main                                                                                                              ;
+-------------------------------+----------------------+-------------------------------+-----------------+-------------------------------+-------------------+------------------+
; Name                          ; r_SM_Main.s_BCD_DONE ; r_SM_Main.s_CHECK_DIGIT_INDEX ; r_SM_Main.s_ADD ; r_SM_Main.s_CHECK_SHIFT_INDEX ; r_SM_Main.s_SHIFT ; r_SM_Main.s_IDLE ;
+-------------------------------+----------------------+-------------------------------+-----------------+-------------------------------+-------------------+------------------+
; r_SM_Main.s_IDLE              ; 0                    ; 0                             ; 0               ; 0                             ; 0                 ; 0                ;
; r_SM_Main.s_SHIFT             ; 0                    ; 0                             ; 0               ; 0                             ; 1                 ; 1                ;
; r_SM_Main.s_CHECK_SHIFT_INDEX ; 0                    ; 0                             ; 0               ; 1                             ; 0                 ; 1                ;
; r_SM_Main.s_ADD               ; 0                    ; 0                             ; 1               ; 0                             ; 0                 ; 1                ;
; r_SM_Main.s_CHECK_DIGIT_INDEX ; 0                    ; 1                             ; 0               ; 0                             ; 0                 ; 1                ;
; r_SM_Main.s_BCD_DONE          ; 1                    ; 0                             ; 0               ; 0                             ; 0                 ; 1                ;
+-------------------------------+----------------------+-------------------------------+-----------------+-------------------------------+-------------------+------------------+


+------------------------------------------------------------+
; Registers Removed During Synthesis                         ;
+---------------------------------------+--------------------+
; Register name                         ; Reason for Removal ;
+---------------------------------------+--------------------+
; Binary_to_BCD:converter|r_SM_Main~2   ; Lost fanout        ;
; Binary_to_BCD:converter|r_SM_Main~3   ; Lost fanout        ;
; Binary_to_BCD:converter|r_SM_Main~4   ; Lost fanout        ;
; Total Number of Removed Registers = 3 ;                    ;
+---------------------------------------+--------------------+


+------------------------------------------------------+
; General Register Statistics                          ;
+----------------------------------------------+-------+
; Statistic                                    ; Value ;
+----------------------------------------------+-------+
; Total registers                              ; 37    ;
; Number of registers using Synchronous Clear  ; 0     ;
; Number of registers using Synchronous Load   ; 0     ;
; Number of registers using Asynchronous Clear ; 0     ;
; Number of registers using Asynchronous Load  ; 0     ;
; Number of registers using Clock Enable       ; 26    ;
; Number of registers using Preset             ; 0     ;
+----------------------------------------------+-------+


+------------------------------------------------------------------------------------------------------------------------------------------------------------------+
; Multiplexer Restructuring Statistics (Restructuring Performed)                                                                                                   ;
+--------------------+-----------+---------------+----------------------+------------------------+------------+----------------------------------------------------+
; Multiplexer Inputs ; Bus Width ; Baseline Area ; Area if Restructured ; Saving if Restructured ; Registered ; Example Multiplexer Output                         ;
+--------------------+-----------+---------------+----------------------+------------------------+------------+----------------------------------------------------+
; 4:1                ; 7 bits    ; 14 LEs        ; 7 LEs                ; 7 LEs                  ; Yes        ; |BCD_top_level|Binary_to_BCD:converter|r_Binary[7] ;
; 7:1                ; 3 bits    ; 12 LEs        ; 6 LEs                ; 6 LEs                  ; Yes        ; |BCD_top_level|Binary_to_BCD:converter|r_BCD[5]    ;
; 7:1                ; 3 bits    ; 12 LEs        ; 6 LEs                ; 6 LEs                  ; Yes        ; |BCD_top_level|Binary_to_BCD:converter|r_BCD[9]    ;
; 7:1                ; 3 bits    ; 12 LEs        ; 6 LEs                ; 6 LEs                  ; Yes        ; |BCD_top_level|Binary_to_BCD:converter|r_BCD[1]    ;
; 4:1                ; 4 bits    ; 8 LEs         ; 8 LEs                ; 0 LEs                  ; No         ; |BCD_top_level|Binary_to_BCD:converter|Mux1        ;
+--------------------+-----------+---------------+----------------------+------------------------+------------+----------------------------------------------------+


+----------------------------------------------------------------------+
; Parameter Settings for User Entity Instance: Binary_to_BCD:converter ;
+----------------+-------+---------------------------------------------+
; Parameter Name ; Value ; Type                                        ;
+----------------+-------+---------------------------------------------+
; N              ; 8     ; Signed Integer                              ;
; N2             ; 3     ; Signed Integer                              ;
+----------------+-------+---------------------------------------------+
Note: In order to hide this table in the UI and the text report file, please set the "Show Parameter Settings in Synthesis Report" option in "Analysis and Synthesis Settings -> More Settings" to "Off".


+-----------------------------------------------------------------------------------------------------------------------------------------------------------------------------+
; Port Connectivity Checks: "BCD:seg2"                                                                                                                                        ;
+----------+--------+----------+----------------------------------------------------------------------------------------------------------------------------------------------+
; Port     ; Type   ; Severity ; Details                                                                                                                                      ;
+----------+--------+----------+----------------------------------------------------------------------------------------------------------------------------------------------+
; X        ; Output ; Warning  ; Output or bidir port (8 bits) is wider than the port expression (7 bits) it drives; bit(s) "X[7..7]" have no fanouts                         ;
; negative ; Input  ; Warning  ; Declared by entity but not connected by instance. If a default value exists, it will be used.  Otherwise, the port will be connected to GND. ;
+----------+--------+----------+----------------------------------------------------------------------------------------------------------------------------------------------+


+-----------------------------------------------------------------------------------------------------------------------------------------------------------------------------+
; Port Connectivity Checks: "BCD:seg1"                                                                                                                                        ;
+----------+--------+----------+----------------------------------------------------------------------------------------------------------------------------------------------+
; Port     ; Type   ; Severity ; Details                                                                                                                                      ;
+----------+--------+----------+----------------------------------------------------------------------------------------------------------------------------------------------+
; X        ; Output ; Warning  ; Output or bidir port (8 bits) is wider than the port expression (7 bits) it drives; bit(s) "X[7..7]" have no fanouts                         ;
; negative ; Input  ; Warning  ; Declared by entity but not connected by instance. If a default value exists, it will be used.  Otherwise, the port will be connected to GND. ;
+----------+--------+----------+----------------------------------------------------------------------------------------------------------------------------------------------+


+-----------------------------------------------------------------------------------------------------------------------------------------------------------------------------+
; Port Connectivity Checks: "BCD:seg0"                                                                                                                                        ;
+----------+--------+----------+----------------------------------------------------------------------------------------------------------------------------------------------+
; Port     ; Type   ; Severity ; Details                                                                                                                                      ;
+----------+--------+----------+----------------------------------------------------------------------------------------------------------------------------------------------+
; X        ; Output ; Warning  ; Output or bidir port (8 bits) is wider than the port expression (7 bits) it drives; bit(s) "X[7..7]" have no fanouts                         ;
; negative ; Input  ; Warning  ; Declared by entity but not connected by instance. If a default value exists, it will be used.  Otherwise, the port will be connected to GND. ;
+----------+--------+----------+----------------------------------------------------------------------------------------------------------------------------------------------+


+-----------------------------------------------------+
; Post-Synthesis Netlist Statistics for Top Partition ;
+-----------------------+-----------------------------+
; Type                  ; Count                       ;
+-----------------------+-----------------------------+
; boundary_port         ; 34                          ;
; cycloneiii_ff         ; 37                          ;
;     ENA               ; 26                          ;
;     plain             ; 11                          ;
; cycloneiii_lcell_comb ; 112                         ;
;     arith             ; 7                           ;
;         2 data inputs ; 7                           ;
;     normal            ; 105                         ;
;         1 data inputs ; 19                          ;
;         2 data inputs ; 2                           ;
;         3 data inputs ; 22                          ;
;         4 data inputs ; 62                          ;
;                       ;                             ;
; Max LUT depth         ; 6.00                        ;
; Average LUT depth     ; 2.78                        ;
+-----------------------+-----------------------------+


+-------------------------------+
; Elapsed Time Per Partition    ;
+----------------+--------------+
; Partition Name ; Elapsed Time ;
+----------------+--------------+
; Top            ; 00:00:00     ;
+----------------+--------------+


+-------------------------------+
; Analysis & Synthesis Messages ;
+-------------------------------+
Info: *******************************************************************
Info: Running Quartus Prime Analysis & Synthesis
    Info: Version 18.1.0 Build 625 09/12/2018 SJ Lite Edition
    Info: Processing started: Wed Oct 07 21:57:56 2026
Info: Command: quartus_map --read_settings_files=on --write_settings_files=off ECE2072Project -c ECE2072Project
Warning (18236): Number of processors has not been specified which may cause overloading on shared machines.  Set the global assignment NUM_PARALLEL_PROCESSORS in your QSF to an appropriate value for best performance.
Info (20030): Parallel compilation is enabled and will use 12 of the 12 processors detected
Info (12021): Found 1 design units, including 1 entities, in source file proc_extension.v
    Info (12023): Found entity 1: proc_extension File: C:/Users/mvmya/Documents/GitHub/ECE2072Project/proc_extension.v Line: 9
Info (12021): Found 1 design units, including 1 entities, in source file components_tb.v
    Info (12023): Found entity 1: components_tb File: C:/Users/mvmya/Documents/GitHub/ECE2072Project/components_tb.v Line: 10
Info (12021): Found 5 design units, including 5 entities, in source file components.v
    Info (12023): Found entity 1: sign_extend File: C:/Users/mvmya/Documents/GitHub/ECE2072Project/components.v Line: 11
    Info (12023): Found entity 2: tick_FSM File: C:/Users/mvmya/Documents/GitHub/ECE2072Project/components.v Line: 21
    Info (12023): Found entity 3: multiplexer File: C:/Users/mvmya/Documents/GitHub/ECE2072Project/components.v Line: 43
    Info (12023): Found entity 4: ALU File: C:/Users/mvmya/Documents/GitHub/ECE2072Project/components.v Line: 78
    Info (12023): Found entity 5: register_n File: C:/Users/mvmya/Documents/GitHub/ECE2072Project/components.v Line: 108
Info (12021): Found 1 design units, including 1 entities, in source file simple_proc.v
    Info (12023): Found entity 1: simple_proc File: C:/Users/mvmya/Documents/GitHub/ECE2072Project/simple_proc.v Line: 8
Info (12021): Found 4 design units, including 4 entities, in source file binary_to_bcd.v
    Info (12023): Found entity 1: Binary_to_BCD File: C:/Users/mvmya/Documents/GitHub/ECE2072Project/binary_to_BCD.v Line: 6
    Info (12023): Found entity 2: tick_to_binary File: C:/Users/mvmya/Documents/GitHub/ECE2072Project/binary_to_BCD.v Line: 140
    Info (12023): Found entity 3: twos_complement File: C:/Users/mvmya/Documents/GitHub/ECE2072Project/binary_to_BCD.v Line: 158
    Info (12023): Found entity 4: BCD File: C:/Users/mvmya/Documents/GitHub/ECE2072Project/binary_to_BCD.v Line: 183
Warning (10236): Verilog HDL Implicit Net warning at proc_extension.v(81): created implicit net for "clk_signal" File: C:/Users/mvmya/Documents/GitHub/ECE2072Project/proc_extension.v Line: 81
Warning (10236): Verilog HDL Implicit Net warning at proc_extension.v(163): created implicit net for "DIN" File: C:/Users/mvmya/Documents/GitHub/ECE2072Project/proc_extension.v Line: 163
Warning (10236): Verilog HDL Implicit Net warning at simple_proc.v(63): created implicit net for "clk_signal" File: C:/Users/mvmya/Documents/GitHub/ECE2072Project/simple_proc.v Line: 63
Warning (10236): Verilog HDL Implicit Net warning at simple_proc.v(145): created implicit net for "DIN" File: C:/Users/mvmya/Documents/GitHub/ECE2072Project/simple_proc.v Line: 145
Warning (10222): Verilog HDL Parameter Declaration warning at binary_to_BCD.v(17): Parameter Declaration in module "Binary_to_BCD" behaves as a Local Parameter Declaration because the module has a Module Parameter Port List File: C:/Users/mvmya/Documents/GitHub/ECE2072Project/binary_to_BCD.v Line: 17
Warning (10222): Verilog HDL Parameter Declaration warning at binary_to_BCD.v(18): Parameter Declaration in module "Binary_to_BCD" behaves as a Local Parameter Declaration because the module has a Module Parameter Port List File: C:/Users/mvmya/Documents/GitHub/ECE2072Project/binary_to_BCD.v Line: 18
Warning (10222): Verilog HDL Parameter Declaration warning at binary_to_BCD.v(19): Parameter Declaration in module "Binary_to_BCD" behaves as a Local Parameter Declaration because the module has a Module Parameter Port List File: C:/Users/mvmya/Documents/GitHub/ECE2072Project/binary_to_BCD.v Line: 19
Warning (10222): Verilog HDL Parameter Declaration warning at binary_to_BCD.v(20): Parameter Declaration in module "Binary_to_BCD" behaves as a Local Parameter Declaration because the module has a Module Parameter Port List File: C:/Users/mvmya/Documents/GitHub/ECE2072Project/binary_to_BCD.v Line: 20
Warning (10222): Verilog HDL Parameter Declaration warning at binary_to_BCD.v(21): Parameter Declaration in module "Binary_to_BCD" behaves as a Local Parameter Declaration because the module has a Module Parameter Port List File: C:/Users/mvmya/Documents/GitHub/ECE2072Project/binary_to_BCD.v Line: 21
Warning (10222): Verilog HDL Parameter Declaration warning at binary_to_BCD.v(22): Parameter Declaration in module "Binary_to_BCD" behaves as a Local Parameter Declaration because the module has a Module Parameter Port List File: C:/Users/mvmya/Documents/GitHub/ECE2072Project/binary_to_BCD.v Line: 22
Warning (10275): Verilog HDL Module Instantiation warning at bcd_top_level.v(24): ignored dangling comma in List of Port Connections File: C:/Users/mvmya/Documents/GitHub/ECE2072Project/bcd_top_level.v Line: 24
Warning (12125): Using design file bcd_top_level.v, which is not specified as a design file for the current project, but contains definitions for 1 design units and 1 entities in project
    Info (12023): Found entity 1: BCD_top_level File: C:/Users/mvmya/Documents/GitHub/ECE2072Project/bcd_top_level.v Line: 1
Info (12127): Elaborating entity "BCD_top_level" for the top level hierarchy
Info (12128): Elaborating entity "Binary_to_BCD" for hierarchy "Binary_to_BCD:converter" File: C:/Users/mvmya/Documents/GitHub/ECE2072Project/bcd_top_level.v Line: 24
Warning (10036): Verilog HDL or VHDL warning at binary_to_BCD.v(40): object "r_DV" assigned a value but never read File: C:/Users/mvmya/Documents/GitHub/ECE2072Project/binary_to_BCD.v Line: 40
Warning (10230): Verilog HDL assignment warning at binary_to_BCD.v(84): truncated value with size 32 to match size of target (8) File: C:/Users/mvmya/Documents/GitHub/ECE2072Project/binary_to_BCD.v Line: 84
Warning (10230): Verilog HDL assignment warning at binary_to_BCD.v(96): truncated value with size 32 to match size of target (4) File: C:/Users/mvmya/Documents/GitHub/ECE2072Project/binary_to_BCD.v Line: 96
Warning (10230): Verilog HDL assignment warning at binary_to_BCD.v(113): truncated value with size 32 to match size of target (3) File: C:/Users/mvmya/Documents/GitHub/ECE2072Project/binary_to_BCD.v Line: 113
Info (12128): Elaborating entity "BCD" for hierarchy "BCD:seg0" File: C:/Users/mvmya/Documents/GitHub/ECE2072Project/bcd_top_level.v Line: 32
Warning (12241): 3 hierarchies have connectivity warnings - see the Connectivity Checks report folder
Info (286030): Timing-Driven Synthesis is running
Info (17049): 3 registers lost all their fanouts during netlist optimizations.
Info (144001): Generated suppressed messages file C:/Users/mvmya/Documents/GitHub/ECE2072Project/output_files/ECE2072Project.map.smsg
Info (16010): Generating hard_block partition "hard_block:auto_generated_inst"
    Info (16011): Adding 0 node(s), including 0 DDIO, 0 PLL, 0 transceiver and 0 LCELL
Warning (21074): Design contains 3 input pin(s) that do not drive logic
    Warning (15610): No output dependent on input pin "SW[8]" File: C:/Users/mvmya/Documents/GitHub/ECE2072Project/bcd_top_level.v Line: 3
    Warning (15610): No output dependent on input pin "SW[9]" File: C:/Users/mvmya/Documents/GitHub/ECE2072Project/bcd_top_level.v Line: 3
    Warning (15610): No output dependent on input pin "KEY[1]" File: C:/Users/mvmya/Documents/GitHub/ECE2072Project/bcd_top_level.v Line: 4
Info (21057): Implemented 130 device resources after synthesis - the final resource count might be different
    Info (21058): Implemented 13 input pins
    Info (21059): Implemented 21 output pins
    Info (21061): Implemented 96 logic cells
Info: Quartus Prime Analysis & Synthesis was successful. 0 errors, 22 warnings
    Info: Peak virtual memory: 4832 megabytes
    Info: Processing ended: Wed Oct 07 21:58:09 2026
    Info: Elapsed time: 00:00:13
    Info: Total CPU time (on all processors): 00:00:25


+------------------------------------------+
; Analysis & Synthesis Suppressed Messages ;
+------------------------------------------+
The suppressed messages can be found in C:/Users/mvmya/Documents/GitHub/ECE2072Project/output_files/ECE2072Project.map.smsg.


