Flow report for ECE2072Project
Wed Oct 07 21:58:34 2026
Quartus Prime Version 18.1.0 Build 625 09/12/2018 SJ Lite Edition


---------------------
; Table of Contents ;
---------------------
  1. Legal Notice
  2. Flow Summary
  3. Flow Settings
  4. Flow Non-Default Global Settings
  5. Flow Elapsed Time
  6. Flow OS Summary
  7. Flow Log
  8. Flow Messages
  9. Flow Suppressed Messages



----------------
; Legal Notice ;
----------------
Copyright (C) 2018  Intel Corporation. All rights reserved.
Your use of Intel Corporation's design tools, logic functions 
and other software and tools, and its AMPP partner logic 
functions, and any output files from any of the foregoing 
(including device programming or simulation files), and any 
associated documentation or information are expressly subject 
to the terms and conditions of the Intel Program License 
Subscription Agreement, the Intel Quartus Prime License Agreement,
the Intel FPGA IP License Agreement, or other applicable license
agreement, including, without limitation, that your use is for
the sole purpose of programming logic devices manufactured by
Intel and sold by Intel or its authorized distributors.  Please
refer to the applicable agreement for further details.



+----------------------------------------------------------------------------------+
; Flow Summary                                                                     ;
+------------------------------------+---------------------------------------------+
; Flow Status                        ; Successful - Wed Oct 07 21:58:34 2026       ;
; Quartus Prime Version              ; 18.1.0 Build 625 09/12/2018 SJ Lite Edition ;
; Revision Name                      ; ECE2072Project                              ;
; Top-level Entity Name              ; BCD_top_level                               ;
; Family                             ; MAX 10                                      ;
; Device                             ; 10M50DAF484C7G                              ;
; Timing Models                      ; Final                                       ;
; Total logic elements               ; 95 / 49,760 ( < 1 % )                       ;
;     Total combinational functions  ; 95 / 49,760 ( < 1 % )                       ;
;     Dedicated logic registers      ; 37 / 49,760 ( < 1 % )                       ;
; Total registers                    ; 37                                          ;
; Total pins                         ; 34 / 360 ( 9 % )                            ;
; Total virtual pins                 ; 0                                           ;
; Total memory bits                  ; 0 / 1,677,312 ( 0 % )                       ;
; Embedded Multiplier 9-bit elements ; 0 / 288 ( 0 % )                             ;
; Total PLLs                         ; 0 / 4 ( 0 % )                               ;
; UFM blocks                         ; 0 / 1 ( 0 % )                               ;
; ADC blocks                         ; 0 / 2 ( 0 % )                               ;
+------------------------------------+---------------------------------------------+


+-----------------------------------------+
; Flow Settings                           ;
+-------------------+---------------------+
; Option            ; Setting             ;
+-------------------+---------------------+
; Start date & time ; 10/07/2026 21:57:57 ;
; Main task         ; Compilation         ;
; Revision Name     ; ECE2072Project      ;
+-------------------+---------------------+


+---------------------------------------------------------------------------------------------------------------------------------+
; Flow Non-Default Global Settings                                                                                                ;
+--------------------------------------+----------------------------------------+----------------+---------------+----------------+
; Assignment Name                      ; Value                                  ; Default Value  ; Entity Name   ; Section Id     ;
+--------------------------------------+----------------------------------------+----------------+---------------+----------------+
; COMPILER_SIGNATURE_ID                ; 161055883447818.179137067721532        ; --             ; --            ; --             ;
; EDA_DESIGN_INSTANCE_NAME             ; NA                                     ; --             ; --            ; register_n_tb  ;
; EDA_NATIVELINK_SIMULATION_TEST_BENCH ; register_n_tb                          ; --             ; --            ; eda_simulation ;
; EDA_OUTPUT_DATA_FORMAT               ; Verilog Hdl                            ; --             ; --            ; eda_simulation ;
; EDA_SIMULATION_TOOL                  ; ModelSim-Altera (Verilog)              ; <None>         ; --            ; --             ;
; EDA_TEST_BENCH_ENABLE_STATUS         ; TEST_BENCH_MODE                        ; --             ; --            ; eda_simulation ;
; EDA_TEST_BENCH_FILE                  ; register_n_tb.v                        ; --             ; --            ; register_n_tb  ;
; EDA_TEST_BENCH_MODULE_NAME           ; register_n_tb                          ; --             ; --            ; register_n_tb  ;
; EDA_TEST_BENCH_NAME                  ; register_n_tb                          ; --             ; --            ; eda_simulation ;
; EDA_TIME_SCALE                       ; 1 ps                                   ; --             ; --            ; eda_simulation ;
; MAX_CORE_JUNCTION_TEMP               ; 85                                     ; --             ; --            ; --             ;
; MIN_CORE_JUNCTION_TEMP               ; 0                                      ; --             ; --            ; --             ;
; PARTITION_COLOR                      ; -- (Not supported for targeted family) ; --             ; BCD_top_level ; Top            ;
; PARTITION_FITTER_PRESERVATION_LEVEL  ; -- (Not supported for targeted family) ; --             ; BCD_top_level ; Top            ;
; PARTITION_NETLIST_TYPE               ; -- (Not supported for targeted family) ; --             ; BCD_top_level ; Top            ;
; POWER_BOARD_THERMAL_MODEL            ; None (CONSERVATIVE)                    ; --             ; --            ; --             ;
; POWER_PRESET_COOLING_SOLUTION        ; 23 MM HEAT SINK WITH 200 LFPM AIRFLOW  ; --             ; --            ; --             ;
; PROJECT_OUTPUT_DIRECTORY             ; output_files                           ; --             ; --            ; --             ;
; TOP_LEVEL_ENTITY                     ; BCD_top_level                          ; ECE2072Project ; --            ; --             ;
; VERILOG_INPUT_VERSION                ; SystemVerilog_2005                     ; Verilog_2001   ; --            ; --             ;
; VERILOG_SHOW_LMF_MAPPING_MESSAGES    ; Off                                    ; --             ; --            ; --             ;
+--------------------------------------+----------------------------------------+----------------+---------------+----------------+


+--------------------------------------------------------------------------------------------------------------------------+
; Flow Elapsed Time                                                                                                        ;
+----------------------+--------------+-------------------------+---------------------+------------------------------------+
; Module Name          ; Elapsed Time ; Average Processors Used ; Peak Virtual Memory ; Total CPU Time (on all processors) ;
+----------------------+--------------+-------------------------+---------------------+------------------------------------+
; Analysis & Synthesis ; 00:00:13     ; 1.0                     ; 4832 MB             ; 00:00:25                           ;
; Fitter               ; 00:00:12     ; 1.1                     ; 6253 MB             ; 00:00:19                           ;
; Assembler            ; 00:00:03     ; 1.0                     ; 4690 MB             ; 00:00:03                           ;
; Timing Analyzer      ; 00:00:04     ; 1.2                     ; 4923 MB             ; 00:00:03                           ;
; EDA Netlist Writer   ; 00:00:01     ; 1.0                     ; 4654 MB             ; 00:00:01                           ;
; Total                ; 00:00:33     ; --                      ; --                  ; 00:00:51                           ;
+----------------------+--------------+-------------------------+---------------------+------------------------------------+


+------------------------------------------------------------------------------------+
; Flow OS Summary                                                                    ;
+----------------------+------------------+------------+------------+----------------+
; Module Name          ; Machine Hostname ; OS Name    ; OS Version ; Processor type ;
+----------------------+------------------+------------+------------+----------------+
; Analysis & Synthesis ; mvm_laptop       ; Windows 10 ; 10.0       ; x86_64         ;
; Fitter               ; mvm_laptop       ; Windows 10 ; 10.0       ; x86_64         ;
; Assembler            ; mvm_laptop       ; Windows 10 ; 10.0       ; x86_64         ;
; Timing Analyzer      ; mvm_laptop       ; Windows 10 ; 10.0       ; x86_64         ;
; EDA Netlist Writer   ; mvm_laptop       ; Windows 10 ; 10.0       ; x86_64         ;
+----------------------+------------------+------------+------------+----------------+


------------
; Flow Log ;
------------
quartus_map --read_settings_files=on --write_settings_files=off ECE2072Project -c ECE2072Project
quartus_fit --read_settings_files=off --write_settings_files=off ECE2072Project -c ECE2072Project
quartus_asm --read_settings_files=off --write_settings_files=off ECE2072Project -c ECE2072Project
quartus_sta ECE2072Project -c ECE2072Project
quartus_eda --read_settings_files=off --write_settings_files=off ECE2072Project -c ECE2072Project



